---
source: crates/tensor/src/graph.rs
expression: ptx_module
---
.version 8.0
.target sm_80
.address_size 64

.visible .entry add_2() {
  ld.global.v4.f32 { %r0, %r1, %r2, %r3 }, [[lhs + threadIdx.x * 16]];
  ld.global.v4.f32 { %r4, %r5, %r6, %r7 }, [[rhs + threadIdx.x * 16]];
  add.f32 %r8, r0, %r4;
  add.f32 %r9, r1, %r5;
  add.f32 %r10, r2, %r6;
  add.f32 %r11, r3, %r7;
  st.global.v4.f32 [[out + threadIdx.x * 16]], { %r8, %r9, %r10, %r11 };
}
